[09Jan2026 18:10:28.064] [main/INFO] [net.neoforged.fml.startup.Entrypoint/]: JVM Uptime at startup: 155ms
[09Jan2026 18:10:28.068] [main/INFO] [net.neoforged.fml.loading.FMLLoader/]: Starting FancyModLoader version 10.0.36 (CLIENT in DEV)
[09Jan2026 18:10:28.068] [main/INFO] [net.neoforged.fml.loading.FMLLoader/]: Game directory: /Users/clickism/Projects/Minecraft/ClickSignsKotlin/versions/1.21.11-neoforge/run
[09Jan2026 18:10:28.094] [main/INFO] [net.neoforged.fml.loading.EarlyServiceDiscovery/]: Found 2 early service jars (out of 113) in 8ms
[09Jan2026 18:10:28.095] [main/INFO] [net.neoforged.fml.loading.FMLLoader/]: Loading FML Early Services:
[09Jan2026 18:10:28.096] [main/INFO] [net.neoforged.fml.loading.FMLLoader/]:  - /Users/clickism/.gradle/caches/modules-2/files-2.1/net.neoforged.fancymodloader/earlydisplay/10.0.36/dbd0e11d545443f602addede111c39d9639708f9/earlydisplay-10.0.36.jar
[09Jan2026 18:10:28.096] [main/INFO] [net.neoforged.fml.loading.FMLLoader/]:  - /Users/clickism/.gradle/caches/modules-2/files-2.1/net.neoforged.fancymodloader/loader/10.0.36/f72ab4d3e755fe736829883d90430a281527aca/loader-10.0.36.jar
[09Jan2026 18:10:28.098] [main/INFO] [net.neoforged.fml.loading.ImmediateWindowHandler/]: Loading ImmediateWindowProvider fmlearlywindow
[09Jan2026 18:10:28.301] [main/WARN] [EARLYDISPLAY/]: Failed to set window icon: [0x1000C] Cocoa: Regular windows do not have icons on macOS
[09Jan2026 18:10:28.568] [ForkJoinPool.commonPool-worker-9/INFO] [net.neoforged.fml.loading.moddiscovery.locators.GameLocator/]: Detected a joined NeoForge and Minecraft configuration. Applying filtering...
[09Jan2026 18:10:28.599] [ForkJoinPool.commonPool-worker-9/INFO] [net.neoforged.fml.loading.moddiscovery.locators.InDevFolderLocator/CORE]: Got mod coordinates clicksigns%%/Users/clickism/Projects/Minecraft/ClickSignsKotlin/versions/1.21.11-neoforge/build/classes/java/main:clicksigns%%/Users/clickism/Projects/Minecraft/ClickSignsKotlin/versions/1.21.11-neoforge/build/classes/kotlin/main:clicksigns%%/Users/clickism/Projects/Minecraft/ClickSignsKotlin/versions/1.21.11-neoforge/build/resources/main from env
[09Jan2026 18:10:28.631] [fml-loadingscreen/INFO] [net.neoforged.fml.earlydisplay.render.LoadingScreenRenderer/]: GL info: Apple M4 GL version 4.1 Metal - 90.5, Apple
[09Jan2026 18:10:28.720] [ForkJoinPool.commonPool-worker-9/INFO] [net.neoforged.fml.loading.moddiscovery.locators.JarInJarDependencyLocator/]: Found 10 dependencies adding them to mods collection
[09Jan2026 18:10:28.721] [ForkJoinPool.commonPool-worker-9/INFO] [net.neoforged.fml.loading.moddiscovery.ModDiscoverer/]: 
     Mod List:
		Name Version (Mod Id)

		ClickSigns 1.1 (clicksigns)
		Kotlin For Forge 6.0.0 (kotlinforforge)
		Minecraft 1.21.11 (minecraft)
		NeoForge 21.11.26-beta (neoforge)
[09Jan2026 18:10:28.830] [main/INFO] [mixin/]: SpongePowered MIXIN Subsystem Version=0.8.7 Source=file:/Users/clickism/.gradle/caches/modules-2/files-2.1/net.fabricmc/sponge-mixin/0.16.5+mixin.0.8.7/80fc3a9f592673cea87f4cd702f87991c6c9fe4d/sponge-mixin-0.16.5+mixin.0.8.7.jar Service=FML Env=CLIENT
[09Jan2026 18:10:28.837] [main/INFO] [net.neoforged.fml.loading.FMLLoader/]: Loading FML Plugins:
[09Jan2026 18:10:28.838] [main/INFO] [net.neoforged.fml.loading.FMLLoader/]:  - /Users/clickism/.gradle/caches/modules-2/files-2.1/thedarkcolour/kotlinforforge-neoforge/6.0.0/f4a917e6b8f875774869d5d898e4cbd9ca62f119/kotlinforforge-neoforge-6.0.0.jar > kotlinx-serialization-core-jvm-1.9.0.jar
[09Jan2026 18:10:28.838] [main/INFO] [net.neoforged.fml.loading.FMLLoader/]:  - /Users/clickism/.gradle/caches/modules-2/files-2.1/thedarkcolour/kotlinforforge-neoforge/6.0.0/f4a917e6b8f875774869d5d898e4cbd9ca62f119/kotlinforforge-neoforge-6.0.0.jar > kotlinx-coroutines-jdk8-1.10.2.jar
[09Jan2026 18:10:28.838] [main/INFO] [net.neoforged.fml.loading.FMLLoader/]:  - /Users/clickism/.gradle/caches/modules-2/files-2.1/thedarkcolour/kotlinforforge-neoforge/6.0.0/f4a917e6b8f875774869d5d898e4cbd9ca62f119/kotlinforforge-neoforge-6.0.0.jar > kotlin-stdlib-2.2.20.jar
[09Jan2026 18:10:28.838] [main/INFO] [net.neoforged.fml.loading.FMLLoader/]:  - /Users/clickism/.gradle/caches/modules-2/files-2.1/thedarkcolour/kotlinforforge-neoforge/6.0.0/f4a917e6b8f875774869d5d898e4cbd9ca62f119/kotlinforforge-neoforge-6.0.0.jar > kotlinx-serialization-json-jvm-1.9.0.jar
[09Jan2026 18:10:28.838] [main/INFO] [net.neoforged.fml.loading.FMLLoader/]:  - /Users/clickism/.gradle/caches/modules-2/files-2.1/thedarkcolour/kfflang-neoforge/6.0.0/5189d85c562b31079f5d9ca07532ff43038f366/kfflang-neoforge-6.0.0.jar
[09Jan2026 18:10:28.838] [main/INFO] [net.neoforged.fml.loading.FMLLoader/]:  - /Users/clickism/.gradle/caches/modules-2/files-2.1/thedarkcolour/kotlinforforge-neoforge/6.0.0/f4a917e6b8f875774869d5d898e4cbd9ca62f119/kotlinforforge-neoforge-6.0.0.jar
[09Jan2026 18:10:28.838] [main/INFO] [net.neoforged.fml.loading.FMLLoader/]:  - /Users/clickism/.gradle/caches/modules-2/files-2.1/thedarkcolour/kotlinforforge-neoforge/6.0.0/f4a917e6b8f875774869d5d898e4cbd9ca62f119/kotlinforforge-neoforge-6.0.0.jar > kotlinx-coroutines-core-jvm-1.10.2.jar
[09Jan2026 18:10:28.839] [main/INFO] [net.neoforged.fml.loading.FMLLoader/]:  - /Users/clickism/.gradle/caches/modules-2/files-2.1/thedarkcolour/kotlinforforge-neoforge/6.0.0/f4a917e6b8f875774869d5d898e4cbd9ca62f119/kotlinforforge-neoforge-6.0.0.jar > kotlin-reflect-2.2.20.jar
[09Jan2026 18:10:28.839] [main/INFO] [net.neoforged.fml.loading.FMLLoader/]:  - /Users/clickism/Projects/Minecraft/ClickSignsKotlin/versions/1.21.11-neoforge/build/moddev/artifacts/neoforge-21.11.26-beta.jar > net.neoforged.neoforge-coremods-21.11.26-beta.jar
[09Jan2026 18:10:28.839] [main/INFO] [net.neoforged.fml.loading.FMLLoader/]:  - /Users/clickism/.gradle/caches/modules-2/files-2.1/thedarkcolour/kotlinforforge-neoforge/6.0.0/f4a917e6b8f875774869d5d898e4cbd9ca62f119/kotlinforforge-neoforge-6.0.0.jar > kotlin-stdlib-jdk8-2.2.20.jar
[09Jan2026 18:10:28.839] [main/INFO] [net.neoforged.fml.loading.FMLLoader/]:  - /Users/clickism/.gradle/caches/modules-2/files-2.1/thedarkcolour/kotlinforforge-neoforge/6.0.0/f4a917e6b8f875774869d5d898e4cbd9ca62f119/kotlinforforge-neoforge-6.0.0.jar > kotlin-stdlib-jdk7-2.2.20.jar
[09Jan2026 18:10:28.878] [main/INFO] [net.neoforged.fml.loading.FMLLoader/]: Building game content classloader:
 - clicksigns (composite(folder(/Users/clickism/Projects/Minecraft/ClickSignsKotlin/versions/1.21.11-neoforge/build/classes/kotlin/main), folder(/Users/clickism/Projects/Minecraft/ClickSignsKotlin/versions/1.21.11-neoforge/build/resources/main)))
 - kfflib.neoforge (jar(/Users/clickism/.gradle/caches/modules-2/files-2.1/thedarkcolour/kfflib-neoforge/6.0.0/4dffd0eb154dd076a2f10c0045fb6fbdb1a84e4/kfflib-neoforge-6.0.0.jar))
 - kotlinforforge (jar(/Users/clickism/.gradle/caches/modules-2/files-2.1/thedarkcolour/kffmod-neoforge/6.0.0/159c5f0cb50bedbced5331bd4275039c41005a04/kffmod-neoforge-6.0.0.jar))
 - minecraft (composite(jar(/Users/clickism/Projects/Minecraft/ClickSignsKotlin/versions/1.21.11-neoforge/build/moddev/artifacts/neoforge-21.11.26-beta-client-extra-aka-minecraft-resources.jar), filtered(jar(/Users/clickism/Projects/Minecraft/ClickSignsKotlin/versions/1.21.11-neoforge/build/moddev/artifacts/neoforge-21.11.26-beta.jar))))
 - mixinextras.neoforge (jar(/Users/clickism/Projects/Minecraft/ClickSignsKotlin/versions/1.21.11-neoforge/build/moddev/artifacts/neoforge-21.11.26-beta.jar > mixinextras-neoforge-0.5.0.jar))
 - neoforge (composite(filtered(jar(/Users/clickism/Projects/Minecraft/ClickSignsKotlin/versions/1.21.11-neoforge/build/moddev/artifacts/neoforge-21.11.26-beta.jar))))
 - net.neoforged.fml.generated (empty(VirtualJar/net.neoforged.fml.generated))
[09Jan2026 18:10:28.883] [main/INFO] [net.neoforged.fml.loading.FMLLoader/]: Built game content classloader in 8ms
[09Jan2026 18:10:29.411] [Datafixer Bootstrap/INFO] [com.mojang.datafixers.DataFixerBuilder/]: 290 Datafixer optimizations took 166 milliseconds
[09Jan2026 18:10:30.029] [pool-12-thread-1/INFO] [MixinExtras|Service/]: Initializing MixinExtras via com.llamalad7.mixinextras.service.MixinExtrasServiceImpl(version=0.5.0).
[09Jan2026 18:10:32.200] [main/WARN] [net.minecraft.commands.Commands/]: Ambiguity between arguments [teleport, location] and [teleport, destination] with inputs: [0.1 -0.5 .9, 0 0 0]
[09Jan2026 18:10:32.201] [main/WARN] [net.minecraft.commands.Commands/]: Ambiguity between arguments [teleport, location] and [teleport, targets] with inputs: [0.1 -0.5 .9, 0 0 0]
[09Jan2026 18:10:32.202] [main/WARN] [net.minecraft.commands.Commands/]: Ambiguity between arguments [teleport, destination] and [teleport, targets] with inputs: [Player, 0123, @e, dd12be42-52a9-4a91-a8a1-11c01849e498]
[09Jan2026 18:10:32.202] [main/WARN] [net.minecraft.commands.Commands/]: Ambiguity between arguments [teleport, targets] and [teleport, destination] with inputs: [Player, 0123, dd12be42-52a9-4a91-a8a1-11c01849e498]
[09Jan2026 18:10:32.203] [main/WARN] [net.minecraft.commands.Commands/]: Ambiguity between arguments [teleport, targets, location] and [teleport, targets, destination] with inputs: [0.1 -0.5 .9, 0 0 0]
[09Jan2026 18:10:32.203] [main/WARN] [net.minecraft.commands.Commands/]: Ambiguity between arguments [waypoint, modify, waypoint, color, reset] and [waypoint, modify, waypoint, color, color] with inputs: [reset]
[09Jan2026 18:10:32.234] [modloading-worker-0/INFO] [net.neoforged.neoforge.common.NeoForgeMod/NEOFORGE-MOD]: NeoForge mod loading, version 21.11.26-beta, for MC 1.21.11
[09Jan2026 18:10:32.332] [modloading-worker-0/INFO] [thedarkcolour.kotlinforforge.neoforge.test.KotlinForForge/]: Kotlin For Forge Enabled!
[09Jan2026 18:10:32.466] [Render thread/INFO] [com.mojang.authlib.yggdrasil.YggdrasilAuthenticationService/]: Environment: Environment[sessionHost=https://sessionserver.mojang.com, servicesHost=https://api.minecraftservices.com, profilesHost=https://api.mojang.com, name=PROD]
[09Jan2026 18:10:32.475] [Render thread/INFO] [net.minecraft.client.Minecraft/]: Setting user: ClickToPlay
[09Jan2026 18:10:32.522] [Render thread/INFO] [net.minecraft.client.Minecraft/]: Backend library: LWJGL version 3.3.3+5
[09Jan2026 18:10:32.891] [Render thread/INFO] [net.minecraft.client.Minecraft/]: Using optional rendering extensions: GL_EXT_texture_filter_anisotropic
[09Jan2026 18:10:33.590] [Render thread/INFO] [net.minecraft.server.packs.resources.ReloadableResourceManager/]: Reloading ResourceManager: vanilla, mod_resources, mod/kotlinforforge, mod/clicksigns, mod/neoforge
[09Jan2026 18:10:33.850] [resourceLoad/INFO] [net.minecraft.client.gui.font.providers.UnihexProvider/]: Found unifont_all_no_pua-17.0.01.hex, loading
[09Jan2026 18:10:33.851] [resourceLoad/INFO] [net.minecraft.client.gui.font.providers.UnihexProvider/]: Found unifont_pua-17.0.01.hex, loading
[09Jan2026 18:10:34.011] [resourceLoad/INFO] [net.minecraft.client.gui.font.providers.UnihexProvider/]: Found unifont_jp_patch-17.0.01.hex, loading
[09Jan2026 18:10:34.488] [resourceLoad/WARN] [net.minecraft.client.resources.model.ModelManager/]: Missing model for variant: 'Block{clicksigns:road_sign}'
[09Jan2026 18:10:34.629] [Render thread/INFO] [com.mojang.blaze3d.opengl.GlProgram/]: Info log when linking program containing VS minecraft:core/terrain and FS minecraft:core/terrain. Log output: WARNING: Could not find vertex shader attribute 'Normal' to match BindAttributeLocation request.

[09Jan2026 18:10:34.633] [Render thread/INFO] [com.mojang.blaze3d.opengl.GlProgram/]: Info log when linking program containing VS minecraft:core/block and FS minecraft:core/block. Log output: WARNING: Could not find vertex shader attribute 'Normal' to match BindAttributeLocation request.

[09Jan2026 18:10:34.636] [Render thread/INFO] [com.mojang.blaze3d.opengl.GlProgram/]: Info log when linking program containing VS minecraft:core/rendertype_text_see_through and FS minecraft:core/rendertype_text_see_through. Log output: WARNING: Could not find vertex shader attribute 'UV2' to match BindAttributeLocation request.

[09Jan2026 18:10:34.637] [Render thread/INFO] [com.mojang.blaze3d.opengl.GlProgram/]: Info log when linking program containing VS minecraft:core/block and FS minecraft:core/block. Log output: WARNING: Could not find vertex shader attribute 'Normal' to match BindAttributeLocation request.

[09Jan2026 18:10:34.643] [Render thread/INFO] [com.mojang.blaze3d.opengl.GlProgram/]: Info log when linking program containing VS minecraft:core/rendertype_entity_shadow and FS minecraft:core/rendertype_entity_shadow. Log output: WARNING: Could not find vertex shader attribute 'UV1' to match BindAttributeLocation request.
WARNING: Could not find vertex shader attribute 'Normal' to match BindAttributeLocation request.
WARNING: Could not find vertex shader attribute 'UV2' to match BindAttributeLocation request.

[09Jan2026 18:10:34.646] [Render thread/INFO] [com.mojang.blaze3d.opengl.GlProgram/]: Info log when linking program containing VS minecraft:core/entity and FS minecraft:core/entity. Log output: WARNING: Output of vertex shader 'overlayColor' not read by fragment shader

[09Jan2026 18:10:34.648] [Render thread/INFO] [com.mojang.blaze3d.opengl.GlProgram/]: Info log when linking program containing VS minecraft:core/entity and FS minecraft:core/entity. Log output: WARNING: Could not find vertex shader attribute 'Normal' to match BindAttributeLocation request.

[09Jan2026 18:10:34.649] [Render thread/INFO] [com.mojang.blaze3d.opengl.GlProgram/]: Info log when linking program containing VS minecraft:core/entity and FS minecraft:core/entity. Log output: WARNING: Could not find vertex shader attribute 'Normal' to match BindAttributeLocation request.
WARNING: Could not find vertex shader attribute 'UV2' to match BindAttributeLocation request.
WARNING: Output of vertex shader 'overlayColor' not read by fragment shader

[09Jan2026 18:10:34.650] [Render thread/INFO] [com.mojang.blaze3d.opengl.GlProgram/]: Info log when linking program containing VS minecraft:core/rendertype_entity_alpha and FS minecraft:core/rendertype_entity_alpha. Log output: WARNING: Could not find vertex shader attribute 'Normal' to match BindAttributeLocation request.
WARNING: Output of vertex shader 'texCoord1' not read by fragment shader
WARNING: Output of vertex shader 'texCoord2' not read by fragment shader

[09Jan2026 18:10:34.651] [Render thread/INFO] [com.mojang.blaze3d.opengl.GlProgram/]: Info log when linking program containing VS minecraft:core/rendertype_text_background_see_through and FS minecraft:core/rendertype_text_background_see_through. Log output: WARNING: Could not find vertex shader attribute 'UV2' to match BindAttributeLocation request.

[09Jan2026 18:10:34.653] [Render thread/INFO] [com.mojang.blaze3d.opengl.GlProgram/]: Info log when linking program containing VS minecraft:core/rendertype_item_entity_translucent_cull and FS minecraft:core/rendertype_item_entity_translucent_cull. Log output: WARNING: Output of vertex shader 'texCoord1' not read by fragment shader
WARNING: Output of vertex shader 'texCoord2' not read by fragment shader

[09Jan2026 18:10:34.654] [Render thread/INFO] [com.mojang.blaze3d.opengl.GlProgram/]: Info log when linking program containing VS minecraft:core/entity and FS minecraft:core/entity. Log output: WARNING: Output of vertex shader 'overlayColor' not read by fragment shader

[09Jan2026 18:10:34.667] [Render thread/INFO] [com.mojang.blaze3d.opengl.GlProgram/]: Info log when linking program containing VS minecraft:core/terrain and FS minecraft:core/terrain. Log output: WARNING: Could not find vertex shader attribute 'Normal' to match BindAttributeLocation request.

[09Jan2026 18:10:34.672] [Render thread/INFO] [com.mojang.blaze3d.opengl.GlProgram/]: Info log when linking program containing VS minecraft:core/block and FS minecraft:core/block. Log output: WARNING: Could not find vertex shader attribute 'Normal' to match BindAttributeLocation request.

[09Jan2026 18:10:34.672] [Render thread/INFO] [com.mojang.blaze3d.opengl.GlProgram/]: Info log when linking program containing VS minecraft:core/animate_sprite and FS minecraft:core/animate_sprite_blit. Log output: WARNING: Output of vertex shader 'fAnimationProgress' not read by fragment shader

[09Jan2026 18:10:34.675] [Render thread/INFO] [com.mojang.blaze3d.opengl.GlProgram/]: Info log when linking program containing VS minecraft:core/rendertype_beacon_beam and FS minecraft:core/rendertype_beacon_beam. Log output: WARNING: Could not find vertex shader attribute 'Normal' to match BindAttributeLocation request.
WARNING: Could not find vertex shader attribute 'UV2' to match BindAttributeLocation request.

[09Jan2026 18:10:34.677] [Render thread/INFO] [com.mojang.blaze3d.opengl.GlProgram/]: Info log when linking program containing VS minecraft:core/entity and FS minecraft:core/entity. Log output: WARNING: Output of vertex shader 'overlayColor' not read by fragment shader

[09Jan2026 18:10:34.677] [Render thread/INFO] [com.mojang.blaze3d.opengl.GlProgram/]: Info log when linking program containing VS minecraft:core/entity and FS minecraft:core/entity. Log output: WARNING: Output of vertex shader 'overlayColor' not read by fragment shader

[09Jan2026 18:10:34.681] [Render thread/INFO] [com.mojang.blaze3d.opengl.GlProgram/]: Info log when linking program containing VS minecraft:core/entity and FS minecraft:core/entity. Log output: WARNING: Could not find vertex shader attribute 'Normal' to match BindAttributeLocation request.
WARNING: Output of vertex shader 'overlayColor' not read by fragment shader

[09Jan2026 18:10:34.686] [Render thread/INFO] [com.mojang.blaze3d.opengl.GlProgram/]: Info log when linking program containing VS minecraft:core/terrain and FS minecraft:core/terrain. Log output: WARNING: Could not find vertex shader attribute 'Normal' to match BindAttributeLocation request.

[09Jan2026 18:10:34.687] [Render thread/INFO] [com.mojang.blaze3d.opengl.GlProgram/]: Info log when linking program containing VS minecraft:core/terrain and FS minecraft:core/terrain. Log output: WARNING: Could not find vertex shader attribute 'Normal' to match BindAttributeLocation request.

[09Jan2026 18:10:34.689] [Render thread/INFO] [com.mojang.blaze3d.opengl.GlProgram/]: Info log when linking program containing VS minecraft:core/rendertype_crumbling and FS minecraft:core/rendertype_crumbling. Log output: WARNING: Could not find vertex shader attribute 'Normal' to match BindAttributeLocation request.
WARNING: Output of vertex shader 'texCoord2' not read by fragment shader

[09Jan2026 18:10:34.693] [Render thread/INFO] [com.mojang.blaze3d.opengl.GlProgram/]: Info log when linking program containing VS minecraft:core/rendertype_translucent_moving_block and FS minecraft:core/rendertype_translucent_moving_block. Log output: WARNING: Could not find vertex shader attribute 'Normal' to match BindAttributeLocation request.

[09Jan2026 18:10:34.698] [Render thread/INFO] [com.mojang.blaze3d.opengl.GlProgram/]: Info log when linking program containing VS minecraft:core/entity and FS minecraft:core/entity. Log output: WARNING: Could not find vertex shader attribute 'UV2' to match BindAttributeLocation request.

[09Jan2026 18:10:34.701] [Render thread/INFO] [com.mojang.blaze3d.opengl.GlProgram/]: Info log when linking program containing VS minecraft:core/rendertype_beacon_beam and FS minecraft:core/rendertype_beacon_beam. Log output: WARNING: Could not find vertex shader attribute 'Normal' to match BindAttributeLocation request.
WARNING: Could not find vertex shader attribute 'UV2' to match BindAttributeLocation request.

[09Jan2026 18:10:34.705] [Render thread/INFO] [com.mojang.blaze3d.opengl.GlProgram/]: Info log when linking program containing VS minecraft:core/entity and FS minecraft:core/entity. Log output: WARNING: Could not find vertex shader attribute 'Normal' to match BindAttributeLocation request.
WARNING: Could not find vertex shader attribute 'UV2' to match BindAttributeLocation request.
WARNING: Output of vertex shader 'overlayColor' not read by fragment shader

[09Jan2026 18:10:34.708] [Render thread/INFO] [com.mojang.blaze3d.opengl.GlProgram/]: Info log when linking program containing VS minecraft:core/rendertype_text_intensity_see_through and FS minecraft:core/rendertype_text_intensity_see_through. Log output: WARNING: Could not find vertex shader attribute 'UV2' to match BindAttributeLocation request.

[09Jan2026 18:10:34.711] [Render thread/INFO] [com.mojang.blaze3d.opengl.GlProgram/]: Info log when linking program containing VS minecraft:core/terrain and FS minecraft:core/terrain. Log output: WARNING: Could not find vertex shader attribute 'Normal' to match BindAttributeLocation request.

[09Jan2026 18:10:34.744] [Render thread/INFO] [com.mojang.blaze3d.audio.Library/]: OpenAL initialized on device MacBook Pro Speakers
[09Jan2026 18:10:34.745] [Render thread/INFO] [net.minecraft.client.sounds.SoundEngine/SOUNDS]: Sound engine started
[09Jan2026 18:10:34.745] [Render thread/INFO] [net.minecraft.client.renderer.texture.TextureAtlas/]: Created: 512x256x0 minecraft:textures/atlas/particles.png-atlas
[09Jan2026 18:10:34.751] [Render thread/INFO] [net.minecraft.client.renderer.texture.TextureAtlas/]: Created: 128x128x0 minecraft:textures/atlas/decorated_pot.png-atlas
[09Jan2026 18:10:34.752] [Render thread/INFO] [net.minecraft.client.renderer.texture.TextureAtlas/]: Created: 2048x1024x0 minecraft:textures/atlas/armor_trims.png-atlas
[09Jan2026 18:10:34.762] [Render thread/INFO] [net.minecraft.client.renderer.texture.TextureAtlas/]: Created: 512x256x0 minecraft:textures/atlas/paintings.png-atlas
[09Jan2026 18:10:34.763] [Render thread/INFO] [net.minecraft.client.renderer.texture.TextureAtlas/]: Created: 1024x512x0 minecraft:textures/atlas/shield_patterns.png-atlas
[09Jan2026 18:10:34.764] [Render thread/INFO] [net.minecraft.client.renderer.texture.TextureAtlas/]: Created: 2048x2048x4 minecraft:textures/atlas/blocks.png-atlas
[09Jan2026 18:10:34.815] [Render thread/INFO] [net.minecraft.client.renderer.texture.TextureAtlas/]: Created: 512x512x0 minecraft:textures/atlas/chest.png-atlas
[09Jan2026 18:10:34.816] [Render thread/INFO] [net.minecraft.client.renderer.texture.TextureAtlas/]: Created: 256x128x0 minecraft:textures/atlas/celestials.png-atlas
[09Jan2026 18:10:34.817] [Render thread/INFO] [net.minecraft.client.renderer.texture.TextureAtlas/]: Created: 1024x512x0 minecraft:textures/atlas/banner_patterns.png-atlas
[09Jan2026 18:10:34.818] [Render thread/INFO] [net.minecraft.client.renderer.texture.TextureAtlas/]: Created: 512x512x0 minecraft:textures/atlas/beds.png-atlas
[09Jan2026 18:10:34.818] [Render thread/INFO] [net.minecraft.client.renderer.texture.TextureAtlas/]: Created: 1024x512x0 minecraft:textures/atlas/items.png-atlas
[09Jan2026 18:10:34.826] [Render thread/INFO] [net.minecraft.client.renderer.texture.TextureAtlas/]: Created: 1024x1024x0 minecraft:textures/atlas/gui.png-atlas
[09Jan2026 18:10:34.832] [Render thread/INFO] [net.minecraft.client.renderer.texture.TextureAtlas/]: Created: 128x64x0 minecraft:textures/atlas/map_decorations.png-atlas
[09Jan2026 18:10:34.832] [Render thread/INFO] [net.minecraft.client.renderer.texture.TextureAtlas/]: Created: 512x256x0 minecraft:textures/atlas/signs.png-atlas
[09Jan2026 18:10:34.833] [Render thread/INFO] [net.minecraft.client.renderer.texture.TextureAtlas/]: Created: 512x512x0 minecraft:textures/atlas/shulker_boxes.png-atlas
[09Jan2026 18:10:34.898] [Render thread/WARN] [net.minecraft.client.resources.model.ModelManager/]: No model loaded for default item model ID clicksigns:road_sign of clicksigns:road_sign
[09Jan2026 18:10:34.900] [Render thread/INFO] [net.neoforged.neoforge.client.entity.animation.json.AnimationLoader/]: Loaded 0 entity animations
[09Jan2026 18:10:42.863] [Render thread/INFO] [net.minecraft.world.item.crafting.RecipeManager/]: Loaded 1470 recipes
[09Jan2026 18:10:42.869] [Render thread/INFO] [net.minecraft.advancements.AdvancementTree/]: Loaded 1584 advancements
[09Jan2026 18:10:42.870] [Render thread/INFO] [net.neoforged.neoforge.common.crafting.RecipePriorityManager/]: Loaded 0 recipe priority overrides
[09Jan2026 18:10:42.964] [Server thread/INFO] [net.minecraft.client.server.IntegratedServer/]: Starting integrated minecraft server version 1.21.11
[09Jan2026 18:10:42.964] [Server thread/INFO] [net.minecraft.server.MinecraftServer/]: Generating keypair
[09Jan2026 18:10:43.244] [Server thread/INFO] [net.minecraft.server.level.progress.LoggingLevelLoadListener/]: Loading 0 persistent chunks...
[09Jan2026 18:10:43.245] [Server thread/INFO] [net.minecraft.server.level.progress.LoggingLevelLoadListener/]: Preparing spawn area: 16%
[09Jan2026 18:10:43.260] [Server thread/INFO] [net.neoforged.neoforge.server.permission.PermissionAPI/]: Successfully initialized permission handler neoforge:default_handler
[09Jan2026 18:10:43.892] [Server thread/INFO] [net.minecraft.server.level.progress.LoggingLevelLoadListener/]: Loading 49 chunks for player spawn...
[09Jan2026 18:10:43.893] [Server thread/INFO] [net.minecraft.server.level.progress.LoggingLevelLoadListener/]: Preparing spawn area: 16%
[09Jan2026 18:10:44.267] [Server thread/INFO] [net.minecraft.server.level.progress.LoggingLevelLoadListener/]: Preparing spawn area: 16%
[09Jan2026 18:10:44.669] [Server thread/INFO] [net.minecraft.server.level.progress.LoggingLevelLoadListener/]: Time elapsed: 1425 ms
[09Jan2026 18:10:44.880] [Server thread/INFO] [net.minecraft.server.players.PlayerList/]: ClickToPlay[local:E:7ee1dbb1] logged in with entity id 131 at (-497.3570629150418, 95.0, 158.7994964205426)
[09Jan2026 18:10:44.931] [Server thread/INFO] [net.minecraft.server.MinecraftServer/]: ClickToPlay joined the game
[09Jan2026 18:10:45.012] [Render thread/WARN] [net.minecraft.client.multiplayer.ClientPacketListener/]: Ignoring chat session from ClickToPlay due to missing Services public key
[09Jan2026 18:10:45.045] [Render thread/INFO] [net.minecraft.client.renderer.DynamicUniformStorage/]: Resizing Dynamic Transforms UBO, capacity limit of 2 reached during a single frame. New capacity will be 4.
[09Jan2026 18:10:45.087] [Render thread/INFO] [net.minecraft.client.renderer.DynamicUniformStorage/]: Resizing Dynamic Transforms UBO, capacity limit of 4 reached during a single frame. New capacity will be 8.
[09Jan2026 18:10:45.127] [Render thread/INFO] [net.minecraft.advancements.AdvancementTree/]: Loaded 2 advancements
[09Jan2026 18:10:45.137] [Server thread/INFO] [net.minecraft.client.server.IntegratedServer/]: Changing view distance to 16, from 10
[09Jan2026 18:10:45.140] [Server thread/INFO] [net.minecraft.client.server.IntegratedServer/]: Changing simulation distance to 12, from 0
[09Jan2026 18:10:45.261] [Render thread/INFO] [net.minecraft.client.renderer.DynamicUniformStorage/]: Resizing Chunk Sections UBO, capacity limit of 2 reached during a single frame. New capacity will be 4.
[09Jan2026 18:10:45.281] [Render thread/INFO] [net.minecraft.client.renderer.DynamicUniformStorage/]: Resizing Chunk Sections UBO, capacity limit of 4 reached during a single frame. New capacity will be 8.
[09Jan2026 18:10:45.316] [Render thread/INFO] [net.minecraft.client.renderer.DynamicUniformStorage/]: Resizing Chunk Sections UBO, capacity limit of 8 reached during a single frame. New capacity will be 16.
[09Jan2026 18:10:45.430] [Render thread/INFO] [net.minecraft.client.renderer.DynamicUniformStorage/]: Resizing Chunk Sections UBO, capacity limit of 16 reached during a single frame. New capacity will be 32.
[09Jan2026 18:10:45.601] [Render thread/INFO] [net.minecraft.client.renderer.DynamicUniformStorage/]: Resizing Chunk Sections UBO, capacity limit of 32 reached during a single frame. New capacity will be 64.
[09Jan2026 18:10:45.912] [Render thread/INFO] [net.minecraft.client.renderer.DynamicUniformStorage/]: Resizing Chunk Sections UBO, capacity limit of 64 reached during a single frame. New capacity will be 128.
[09Jan2026 18:10:46.316] [Render thread/INFO] [net.minecraft.client.renderer.DynamicUniformStorage/]: Resizing Chunk Sections UBO, capacity limit of 128 reached during a single frame. New capacity will be 256.
[09Jan2026 18:10:46.931] [Render thread/INFO] [net.minecraft.client.renderer.DynamicUniformStorage/]: Resizing Chunk Sections UBO, capacity limit of 256 reached during a single frame. New capacity will be 512.
[09Jan2026 18:10:47.978] [Render thread/INFO] [net.minecraft.client.renderer.DynamicUniformStorage/]: Resizing Chunk Sections UBO, capacity limit of 512 reached during a single frame. New capacity will be 1024.
[09Jan2026 18:10:59.154] [Server thread/INFO] [net.minecraft.server.MinecraftServer/]: [ClickToPlay: Gave 1 [block.clicksigns.road_sign] to ClickToPlay]
[09Jan2026 18:10:59.170] [Render thread/INFO] [net.minecraft.client.gui.components.ChatComponent/]: [System] [CHAT] Gave 1 [block.clicksigns.road_sign] to ClickToPlay
[09Jan2026 18:11:10.427] [Render thread/INFO] [net.minecraft.client.renderer.DynamicUniformStorage/]: Resizing Chunk Sections UBO, capacity limit of 1024 reached during a single frame. New capacity will be 2048.
[09Jan2026 18:11:12.647] [Render thread/INFO] [net.minecraft.client.Minecraft/]: Stopping!
[09Jan2026 18:11:12.671] [Server thread/INFO] [net.minecraft.server.network.ServerGamePacketListenerImpl/]: ClickToPlay lost connection: Disconnected
[09Jan2026 18:11:12.672] [Server thread/INFO] [net.minecraft.server.MinecraftServer/]: ClickToPlay left the game
[09Jan2026 18:11:12.680] [Server thread/INFO] [net.minecraft.server.network.ServerCommonPacketListenerImpl/]: Stopping singleplayer server as player logged out
[09Jan2026 18:11:12.724] [Server thread/INFO] [net.minecraft.server.MinecraftServer/]: Stopping server
[09Jan2026 18:11:12.724] [Server thread/INFO] [net.minecraft.server.MinecraftServer/]: Saving players
[09Jan2026 18:11:12.724] [Server thread/INFO] [net.minecraft.server.MinecraftServer/]: Saving worlds
[09Jan2026 18:11:13.332] [Server thread/INFO] [net.minecraft.server.MinecraftServer/]: Saving chunks for level 'ServerLevel[New World]'/minecraft:overworld
[09Jan2026 18:11:13.421] [Server thread/INFO] [net.minecraft.server.MinecraftServer/]: Saving chunks for level 'ServerLevel[New World]'/minecraft:the_nether
[09Jan2026 18:11:13.430] [Server thread/INFO] [net.minecraft.server.MinecraftServer/]: Saving chunks for level 'ServerLevel[New World]'/minecraft:the_end
[09Jan2026 18:11:13.448] [Server thread/INFO] [net.minecraft.server.MinecraftServer/]: ThreadedAnvilChunkStorage (New World): All chunks are saved
[09Jan2026 18:11:13.448] [Server thread/INFO] [net.minecraft.server.MinecraftServer/]: ThreadedAnvilChunkStorage (DIM-1): All chunks are saved
[09Jan2026 18:11:13.448] [Server thread/INFO] [net.minecraft.server.MinecraftServer/]: ThreadedAnvilChunkStorage (DIM1): All chunks are saved
[09Jan2026 18:11:13.448] [Server thread/INFO] [net.minecraft.server.MinecraftServer/]: ThreadedAnvilChunkStorage: All dimensions are saved
